"","x"
"1",89.74682
"2",4.902466667
"3",4.688821667
"4",0.601283333
"5",0.060606667
"6",87.02255667
"7",7.59842
"8",4.620828333
"9",0.683846667
"10",0.07435
"11",84.5961
"12",12.30753333
"13",2.477573333
"14",0.442708333
"15",0.176088333
"16",81.99167167
"17",14.48304167
"18",3.447458333
"19",0.024108333
"20",0.05372
